// Jest Snapshot v1, https://goo.gl/fbAQLP

exports[`Component default snapshot 1`] = `
<checkoutbase-stub
  icon="mdi-bank"
  next_disabled="true"
  next_icon="mdi-truck"
  next_name="next"
  next_target="shipping"
  subtitle="Select a bankaccount or add a new one"
  title="Bankaccount"
>
  <selectorcreate-stub
    chstate="bankaccount"
    contentarrname="bankaccounts"
    datadialogtext="[object Object]"
    datatokeyfunction="function () { [native code] }"
    emptydatafunction="function () { [native code] }"
    updatecontent="true"
  />
</checkoutbase-stub>
`;
